[rank: 0] Seed set to 49
wandb: Using wandb-core as the SDK backend.  Please refer to https://wandb.me/wandb-core for more information.
wandb: Currently logged in as: lemanczyk-marta to https://api.wandb.ai. Use `wandb login --relogin` to force relogin
/grid/koo/home/lemanczyk/miniconda3/envs/architecture_search_env/lib/python3.12/site-packages/lightning/fabric/plugins/environments/slurm.py:204: The `srun` command is available on your system but is not used. HINT: If your intention is to run Lightning on SLURM, prepend your python command with `srun` like so: srun python Train_Enformer_SAE.py --config configs/test_config.y ...
GPU available: True (cuda), used: True
TPU available: False, using: 0 TPU cores
HPU available: False, using: 0 HPUs
You are using a CUDA device ('NVIDIA H100 NVL') that has Tensor Cores. To properly utilize them, you should set `torch.set_float32_matmul_precision('medium' | 'high')` which will trade-off precision for performance. For more details, read https://pytorch.org/docs/stable/generated/torch.set_float32_matmul_precision.html#torch.set_float32_matmul_precision
wandb: Tracking run with wandb version 0.19.8
wandb: Run data is saved locally in ./wandb/run-20250314_122136-t7hcfqw8
wandb: Run `wandb offline` to turn off syncing.
wandb: Syncing run hazelnut-meringue-11
wandb: ⭐️ View project at https://wandb.ai/lemanczyk-marta/enformer_SAE
wandb: 🚀 View run at https://wandb.ai/lemanczyk-marta/enformer_SAE/runs/t7hcfqw8
LOCAL_RANK: 0 - CUDA_VISIBLE_DEVICES: [0]
Traceback (most recent call last):
  File "/grid/koo/home/lemanczyk/SAE_Hackathon/Train_Enformer_SAE.py", line 125, in <module>
    final_model = trainer.train(model, train_dl, val_dl)
                  ^^^^^^^^^^^^^^^^^^^^^^^^^^^^^^^^^^^^^^
  File "/grid/koo/home/lemanczyk/SAE_Hackathon/src/SAE_training.py", line 73, in train
    self.trainer.validate(model=model, dataloaders=val_dl)
  File "/grid/koo/home/lemanczyk/miniconda3/envs/architecture_search_env/lib/python3.12/site-packages/lightning/pytorch/trainer/trainer.py", line 640, in validate
    return call._call_and_handle_interrupt(
           ^^^^^^^^^^^^^^^^^^^^^^^^^^^^^^^^
  File "/grid/koo/home/lemanczyk/miniconda3/envs/architecture_search_env/lib/python3.12/site-packages/lightning/pytorch/trainer/call.py", line 47, in _call_and_handle_interrupt
    return trainer_fn(*args, **kwargs)
           ^^^^^^^^^^^^^^^^^^^^^^^^^^^
  File "/grid/koo/home/lemanczyk/miniconda3/envs/architecture_search_env/lib/python3.12/site-packages/lightning/pytorch/trainer/trainer.py", line 680, in _validate_impl
    results = self._run(model, ckpt_path=ckpt_path)
              ^^^^^^^^^^^^^^^^^^^^^^^^^^^^^^^^^^^^^
  File "/grid/koo/home/lemanczyk/miniconda3/envs/architecture_search_env/lib/python3.12/site-packages/lightning/pytorch/trainer/trainer.py", line 982, in _run
    results = self._run_stage()
              ^^^^^^^^^^^^^^^^^
  File "/grid/koo/home/lemanczyk/miniconda3/envs/architecture_search_env/lib/python3.12/site-packages/lightning/pytorch/trainer/trainer.py", line 1019, in _run_stage
    return self._evaluation_loop.run()
           ^^^^^^^^^^^^^^^^^^^^^^^^^^^
  File "/grid/koo/home/lemanczyk/miniconda3/envs/architecture_search_env/lib/python3.12/site-packages/lightning/pytorch/loops/utilities.py", line 179, in _decorator
    return loop_run(self, *args, **kwargs)
           ^^^^^^^^^^^^^^^^^^^^^^^^^^^^^^^
  File "/grid/koo/home/lemanczyk/miniconda3/envs/architecture_search_env/lib/python3.12/site-packages/lightning/pytorch/loops/evaluation_loop.py", line 137, in run
    batch, batch_idx, dataloader_idx = next(data_fetcher)
                                       ^^^^^^^^^^^^^^^^^^
  File "/grid/koo/home/lemanczyk/miniconda3/envs/architecture_search_env/lib/python3.12/site-packages/lightning/pytorch/loops/fetchers.py", line 134, in __next__
    batch = super().__next__()
            ^^^^^^^^^^^^^^^^^^
  File "/grid/koo/home/lemanczyk/miniconda3/envs/architecture_search_env/lib/python3.12/site-packages/lightning/pytorch/loops/fetchers.py", line 61, in __next__
    batch = next(self.iterator)
            ^^^^^^^^^^^^^^^^^^^
  File "/grid/koo/home/lemanczyk/miniconda3/envs/architecture_search_env/lib/python3.12/site-packages/lightning/pytorch/utilities/combined_loader.py", line 341, in __next__
    out = next(self._iterator)
          ^^^^^^^^^^^^^^^^^^^^
  File "/grid/koo/home/lemanczyk/miniconda3/envs/architecture_search_env/lib/python3.12/site-packages/lightning/pytorch/utilities/combined_loader.py", line 142, in __next__
    out = next(self.iterators[0])
          ^^^^^^^^^^^^^^^^^^^^^^^
  File "/grid/koo/home/lemanczyk/SAE_Hackathon/src/enformer_temp.py", line 239, in __iter__
    embeddings, _ = self.model.get_embeddings(sequences)
                    ^^^^^^^^^^^^^^^^^^^^^^^^^^^^^^^^^^^^
  File "/grid/koo/home/lemanczyk/SAE_Hackathon/src/enformer_temp.py", line 171, in get_embeddings
    predictions = self.model(x)
                  ^^^^^^^^^^^^^
  File "/grid/koo/home/lemanczyk/miniconda3/envs/architecture_search_env/lib/python3.12/site-packages/torch/nn/modules/module.py", line 1736, in _wrapped_call_impl
    return self._call_impl(*args, **kwargs)
           ^^^^^^^^^^^^^^^^^^^^^^^^^^^^^^^^
  File "/grid/koo/home/lemanczyk/miniconda3/envs/architecture_search_env/lib/python3.12/site-packages/torch/nn/modules/module.py", line 1747, in _call_impl
    return forward_call(*args, **kwargs)
           ^^^^^^^^^^^^^^^^^^^^^^^^^^^^^
  File "/grid/koo/home/lemanczyk/miniconda3/envs/architecture_search_env/lib/python3.12/site-packages/enformer_pytorch/finetune.py", line 166, in forward
    embeddings = get_enformer_embeddings(self.enformer, seq, freeze = freeze_enformer, train_layernorms_only = finetune_enformer_ln_only, train_last_n_layers_only = finetune_last_n_layers_only, enformer_kwargs = enformer_kwargs)
                 ^^^^^^^^^^^^^^^^^^^^^^^^^^^^^^^^^^^^^^^^^^^^^^^^^^^^^^^^^^^^^^^^^^^^^^^^^^^^^^^^^^^^^^^^^^^^^^^^^^^^^^^^^^^^^^^^^^^^^^^^^^^^^^^^^^^^^^^^^^^^^^^^^^^^^^^^^^^^^^^^^^^^^^^^^^^^^^^^^^^^^^^^^^^^^^^^^^^^^^^^^^^^^^^^^^^
  File "/grid/koo/home/lemanczyk/miniconda3/envs/architecture_search_env/lib/python3.12/site-packages/enformer_pytorch/finetune.py", line 86, in get_enformer_embeddings
    embeddings = model(seq, return_only_embeddings = True, **enformer_kwargs)
                 ^^^^^^^^^^^^^^^^^^^^^^^^^^^^^^^^^^^^^^^^^^^^^^^^^^^^^^^^^^^^
  File "/grid/koo/home/lemanczyk/miniconda3/envs/architecture_search_env/lib/python3.12/site-packages/torch/nn/modules/module.py", line 1736, in _wrapped_call_impl
    return self._call_impl(*args, **kwargs)
           ^^^^^^^^^^^^^^^^^^^^^^^^^^^^^^^^
  File "/grid/koo/home/lemanczyk/miniconda3/envs/architecture_search_env/lib/python3.12/site-packages/torch/nn/modules/module.py", line 1747, in _call_impl
    return forward_call(*args, **kwargs)
           ^^^^^^^^^^^^^^^^^^^^^^^^^^^^^
  File "/grid/koo/home/lemanczyk/miniconda3/envs/architecture_search_env/lib/python3.12/site-packages/enformer_pytorch/modeling_enformer.py", line 462, in forward
    x = trunk_fn(x)
        ^^^^^^^^^^^
  File "/grid/koo/home/lemanczyk/miniconda3/envs/architecture_search_env/lib/python3.12/site-packages/torch/nn/modules/module.py", line 1736, in _wrapped_call_impl
    return self._call_impl(*args, **kwargs)
           ^^^^^^^^^^^^^^^^^^^^^^^^^^^^^^^^
  File "/grid/koo/home/lemanczyk/miniconda3/envs/architecture_search_env/lib/python3.12/site-packages/torch/nn/modules/module.py", line 1747, in _call_impl
    return forward_call(*args, **kwargs)
           ^^^^^^^^^^^^^^^^^^^^^^^^^^^^^
  File "/grid/koo/home/lemanczyk/miniconda3/envs/architecture_search_env/lib/python3.12/site-packages/torch/nn/modules/container.py", line 250, in forward
    input = module(input)
            ^^^^^^^^^^^^^
  File "/grid/koo/home/lemanczyk/miniconda3/envs/architecture_search_env/lib/python3.12/site-packages/torch/nn/modules/module.py", line 1736, in _wrapped_call_impl
    return self._call_impl(*args, **kwargs)
           ^^^^^^^^^^^^^^^^^^^^^^^^^^^^^^^^
  File "/grid/koo/home/lemanczyk/miniconda3/envs/architecture_search_env/lib/python3.12/site-packages/torch/nn/modules/module.py", line 1747, in _call_impl
    return forward_call(*args, **kwargs)
           ^^^^^^^^^^^^^^^^^^^^^^^^^^^^^
  File "/grid/koo/home/lemanczyk/miniconda3/envs/architecture_search_env/lib/python3.12/site-packages/torch/nn/modules/container.py", line 250, in forward
    input = module(input)
            ^^^^^^^^^^^^^
  File "/grid/koo/home/lemanczyk/miniconda3/envs/architecture_search_env/lib/python3.12/site-packages/torch/nn/modules/module.py", line 1736, in _wrapped_call_impl
    return self._call_impl(*args, **kwargs)
           ^^^^^^^^^^^^^^^^^^^^^^^^^^^^^^^^
  File "/grid/koo/home/lemanczyk/miniconda3/envs/architecture_search_env/lib/python3.12/site-packages/torch/nn/modules/module.py", line 1747, in _call_impl
    return forward_call(*args, **kwargs)
           ^^^^^^^^^^^^^^^^^^^^^^^^^^^^^
  File "/grid/koo/home/lemanczyk/miniconda3/envs/architecture_search_env/lib/python3.12/site-packages/enformer_pytorch/modeling_enformer.py", line 153, in forward
    return self.fn(x, **kwargs) + x
           ^^^^^^^^^^^^^^^^^^^^
  File "/grid/koo/home/lemanczyk/miniconda3/envs/architecture_search_env/lib/python3.12/site-packages/torch/nn/modules/module.py", line 1736, in _wrapped_call_impl
    return self._call_impl(*args, **kwargs)
           ^^^^^^^^^^^^^^^^^^^^^^^^^^^^^^^^
  File "/grid/koo/home/lemanczyk/miniconda3/envs/architecture_search_env/lib/python3.12/site-packages/torch/nn/modules/module.py", line 1747, in _call_impl
    return forward_call(*args, **kwargs)
           ^^^^^^^^^^^^^^^^^^^^^^^^^^^^^
  File "/grid/koo/home/lemanczyk/miniconda3/envs/architecture_search_env/lib/python3.12/site-packages/torch/nn/modules/container.py", line 250, in forward
    input = module(input)
            ^^^^^^^^^^^^^
  File "/grid/koo/home/lemanczyk/miniconda3/envs/architecture_search_env/lib/python3.12/site-packages/torch/nn/modules/module.py", line 1736, in _wrapped_call_impl
    return self._call_impl(*args, **kwargs)
           ^^^^^^^^^^^^^^^^^^^^^^^^^^^^^^^^
  File "/grid/koo/home/lemanczyk/miniconda3/envs/architecture_search_env/lib/python3.12/site-packages/torch/nn/modules/module.py", line 1747, in _call_impl
    return forward_call(*args, **kwargs)
           ^^^^^^^^^^^^^^^^^^^^^^^^^^^^^
  File "/grid/koo/home/lemanczyk/miniconda3/envs/architecture_search_env/lib/python3.12/site-packages/enformer_pytorch/modeling_enformer.py", line 157, in forward
    return torch.sigmoid(1.702 * x) * x
                         ~~~~~~^~~
torch.OutOfMemoryError: CUDA out of memory. Tried to allocate 36.00 GiB. GPU 0 has a total capacity of 93.23 GiB of which 17.17 GiB is free. Including non-PyTorch memory, this process has 76.06 GiB memory in use. Of the allocated memory 75.33 GiB is allocated by PyTorch, and 130.20 MiB is reserved by PyTorch but unallocated. If reserved but unallocated memory is large try setting PYTORCH_CUDA_ALLOC_CONF=expandable_segments:True to avoid fragmentation.  See documentation for Memory Management  (https://pytorch.org/docs/stable/notes/cuda.html#environment-variables)
